16:25:48 **** Incremental Build of configuration Debug for project HC05_Test ****
make -j8 all 
arm-none-eabi-gcc "../Core/Src/main.c" -mcpu=cortex-m4 -std=gnu11 -g3 -DUSE_HAL_DRIVER -DDEBUG -DSTM32L433xx -c -I../Drivers/CMSIS/Include -I../Core/Inc -I../Drivers/CMSIS/Device/ST/STM32L4xx/Include -I../Drivers/STM32L4xx_HAL_Driver/Inc -I../Drivers/STM32L4xx_HAL_Driver/Inc/Legacy -O0 -ffunction-sections -fdata-sections -Wall -fstack-usage -MMD -MP -MF"Core/Src/main.d" -MT"Core/Src/main.o" --specs=nano.specs -mfpu=fpv4-sp-d16 -mfloat-abi=hard -mthumb -o "Core/Src/main.o"
../Core/Src/main.c: In function 'main':
../Core/Src/main.c:97:7: warning: unused variable 'tx3Data' [-Wunused-variable]
  char tx3Data[30];
       ^~~~~~~
arm-none-eabi-gcc -o "HC05_Test.elf" @"objects.list"   -mcpu=cortex-m4 -T"/home/jerryl/Git/Github_Public/STM32L433-Nucleo-STM32CubeIDE/HC05_Test/STM32L433RCTXP_FLASH.ld" --specs=nosys.specs -Wl,-Map="HC05_Test.map" -Wl,--gc-sections -static --specs=nano.specs -mfpu=fpv4-sp-d16 -mfloat-abi=hard -mthumb -Wl,--start-group -lc -lm -Wl,--end-group
Finished building target: HC05_Test.elf
 
arm-none-eabi-objdump -h -S  HC05_Test.elf  > "HC05_Test.list"
arm-none-eabi-objcopy  -O binary  HC05_Test.elf  "HC05_Test.bin"
arm-none-eabi-size   HC05_Test.elf 
   text	   data	    bss	    dec	    hex	filename
  14380	     20	   2036	  16436	   4034	HC05_Test.elf
Finished building: HC05_Test.bin
Finished building: default.size.stdout
 
 
Finished building: HC05_Test.list
 

16:25:48 Build Finished. 0 errors, 1 warnings. (took 530ms)

