15:33:30 **** Incremental Build of configuration Debug for project UART_DMA1 ****
make -j8 all 
arm-none-eabi-gcc "../Core/Src/main.c" -mcpu=cortex-m4 -std=gnu11 -g3 -DUSE_HAL_DRIVER -DDEBUG -DSTM32L433xx -c -I../Drivers/CMSIS/Include -I../Core/Inc -I../Drivers/CMSIS/Device/ST/STM32L4xx/Include -I../Drivers/STM32L4xx_HAL_Driver/Inc -I../Drivers/STM32L4xx_HAL_Driver/Inc/Legacy -O0 -ffunction-sections -fdata-sections -Wall -fstack-usage -MMD -MP -MF"Core/Src/main.d" -MT"Core/Src/main.o" --specs=nano.specs -mfpu=fpv4-sp-d16 -mfloat-abi=hard -mthumb -o "Core/Src/main.o"
arm-none-eabi-gcc -o "UART_DMA1.elf" @"objects.list"   -mcpu=cortex-m4 -T"/home/jerryl/Git/Github_Public/STM32L433-Nucleo-STM32CubeIDE/UART_DMA1/STM32L433RCTXP_FLASH.ld" --specs=nosys.specs -Wl,-Map="UART_DMA1.map" -Wl,--gc-sections -static --specs=nano.specs -mfpu=fpv4-sp-d16 -mfloat-abi=hard -mthumb -Wl,--start-group -lc -lm -Wl,--end-group
Finished building target: UART_DMA1.elf
 
arm-none-eabi-objdump -h -S  UART_DMA1.elf  > "UART_DMA1.list"
arm-none-eabi-objcopy  -O binary  UART_DMA1.elf  "UART_DMA1.bin"
arm-none-eabi-size   UART_DMA1.elf 
Finished building: UART_DMA1.bin
 
   text	   data	    bss	    dec	    hex	filename
  13936	     20	   1804	  15760	   3d90	UART_DMA1.elf
Finished building: default.size.stdout
 
Finished building: UART_DMA1.list
 

15:33:31 Build Finished. 0 errors, 0 warnings. (took 669ms)

